// Jest Snapshot v1, https://goo.gl/fbAQLP

exports[`Favorites component matches snapshot 1`] = `
<div>
  <h2>
    Favorites
  </h2>
  <ul>
    <div>
      <li>
        <strong>
          Favorite 1
        </strong>
         - 
      </li>
      <button
        onClick={[Function]}
      >
        Remove from Favorites
      </button>
    </div>
    <div>
      <li>
        <strong>
          Favorite 2
        </strong>
         - 
      </li>
      <button
        onClick={[Function]}
      >
        Remove from Favorites
      </button>
    </div>
  </ul>
</div>
`;
